[2026-05-26T06:36:34Z] [LAPTOP-AHBS9745] [pull] already up to date
[2026-05-26T06:38:02Z] [LAPTOP-AHBS9745] [push] no .wabblespec/ changes — nothing to push
[2026-05-26T06:40:59Z] [LAPTOP-AHBS9745] [push] 3 file(s) changed: .wabblespec/memory/dream-log.json, .wabblespec/memory/gap-map.md, .wabblespec/memory/staleness-map.md
[2026-05-26T06:41:00Z] [LAPTOP-AHBS9745] [push] committed: wabblespec: sync LAPTOP-AHBS9745 2026-05-26T06:41:00Z
[2026-05-26T06:41:03Z] [LAPTOP-AHBS9745] [push] pushed to origin/main
[2026-05-26T06:42:42Z] [LAPTOP-AHBS9745] [push] 3 file(s) changed: .wabblespec/memory/dream-log.json, .wabblespec/memory/gap-map.md, .wabblespec/memory/staleness-map.md
[2026-05-26T06:42:42Z] [LAPTOP-AHBS9745] [push] committed: wabblespec: sync LAPTOP-AHBS9745 2026-05-26T06:42:42Z
[2026-05-26T06:42:45Z] [LAPTOP-AHBS9745] [push] pushed to origin/main
[2026-05-26T06:44:02Z] [LAPTOP-AHBS9745] [push] 3 file(s) changed: .wabblespec/memory/dream-log.json, .wabblespec/memory/gap-map.md, .wabblespec/memory/staleness-map.md
[2026-05-26T06:44:02Z] [LAPTOP-AHBS9745] [push] committed: wabblespec: sync LAPTOP-AHBS9745 2026-05-26T06:44:02Z
[2026-05-26T06:44:05Z] [LAPTOP-AHBS9745] [push] pushed to origin/main
[2026-05-26T06:47:59Z] [LAPTOP-AHBS9745] [push] 3 file(s) changed: .wabblespec/memory/dream-log.json, .wabblespec/memory/gap-map.md, .wabblespec/memory/staleness-map.md
[2026-05-26T06:47:59Z] [LAPTOP-AHBS9745] [push] committed: wabblespec: sync LAPTOP-AHBS9745 2026-05-26T06:47:59Z
[2026-05-26T06:48:03Z] [LAPTOP-AHBS9745] [push] pushed to origin/main
[2026-05-26T06:49:28Z] [LAPTOP-AHBS9745] [pull] already up to date
[2026-05-26T06:54:09Z] [LAPTOP-AHBS9745] [push] 3 file(s) changed: .wabblespec/memory/dream-log.json, .wabblespec/memory/gap-map.md, .wabblespec/memory/staleness-map.md
[2026-05-26T06:54:09Z] [LAPTOP-AHBS9745] [push] committed: wabblespec: sync LAPTOP-AHBS9745 2026-05-26T06:54:09Z
[2026-05-26T06:54:12Z] [LAPTOP-AHBS9745] [push] pushed to origin/main
[2026-05-26T07:12:31Z] [LAPTOP-AHBS9745] [push] 3 file(s) changed: .wabblespec/memory/dream-log.json, .wabblespec/memory/gap-map.md, .wabblespec/memory/staleness-map.md
[2026-05-26T07:12:31Z] [LAPTOP-AHBS9745] [push] committed: wabblespec: sync LAPTOP-AHBS9745 2026-05-26T07:12:31Z
[2026-05-26T07:12:36Z] [LAPTOP-AHBS9745] [push] pushed to origin/main
[2026-05-26T07:14:49Z] [LAPTOP-AHBS9745] [pull] already up to date
[2026-05-26T07:19:41Z] [LAPTOP-AHBS9745] [push] 3 file(s) changed: .wabblespec/memory/dream-log.json, .wabblespec/memory/gap-map.md, .wabblespec/memory/staleness-map.md
[2026-05-26T07:19:41Z] [LAPTOP-AHBS9745] [push] committed: wabblespec: sync LAPTOP-AHBS9745 2026-05-26T07:19:41Z
[2026-05-26T07:19:47Z] [LAPTOP-AHBS9745] [push] pushed to origin/main
[2026-05-26T07:25:09Z] [LAPTOP-AHBS9745] [push] 3 file(s) changed: .wabblespec/memory/dream-log.json, .wabblespec/memory/gap-map.md, .wabblespec/memory/staleness-map.md
[2026-05-26T07:25:09Z] [LAPTOP-AHBS9745] [push] committed: wabblespec: sync LAPTOP-AHBS9745 2026-05-26T07:25:09Z
[2026-05-26T07:25:12Z] [LAPTOP-AHBS9745] [push] pushed to origin/main
[2026-05-26T07:46:04Z] [LAPTOP-AHBS9745] [push] 3 file(s) changed: .wabblespec/memory/dream-log.json, .wabblespec/memory/gap-map.md, .wabblespec/memory/staleness-map.md
[2026-05-26T07:46:04Z] [LAPTOP-AHBS9745] [push] committed: wabblespec: sync LAPTOP-AHBS9745 2026-05-26T07:46:04Z
[2026-05-26T07:48:10Z] [LAPTOP-AHBS9745] [push] 3 file(s) changed: .wabblespec/memory/dream-log.json, .wabblespec/memory/gap-map.md, .wabblespec/memory/staleness-map.md
[2026-05-26T07:48:10Z] [LAPTOP-AHBS9745] [push] committed: wabblespec: sync LAPTOP-AHBS9745 2026-05-26T07:48:10Z
[2026-05-26T07:48:18Z] [LAPTOP-AHBS9745] [push] pushed to origin/main
[2026-05-26T07:55:28Z] [LAPTOP-AHBS9745] [pull] already up to date
